---
http_interactions:
- request:
    method: get
    uri: http://localhost:8080/api/v1/applications
    body:
      encoding: US-ASCII
      string: ''
    headers:
      Authorization:
      - Bearer eyJhbGciOiJIUzI1NiIsInR5cCI6IkpXVCJ9.eyJleHAiOjE2NDY3Njg3OTMsImp0aSI6Ijg0YjkwOTc4LTYxMGItNDYyZi04Yzg3LTYwNjk3MDBkYTgzZSIsImlhdCI6MTY0NjY4MjM5MywiaXNzIjoiYXJnb2NkIiwibmJmIjoxNjQ2NjgyMzkzLCJzdWIiOiJ0ZXN0X3VzZXI6bG9naW4ifQ.NmHPisB1HBiKv32aK_2Di0NKvmsR__shzjFfDJRH4mw
      Content-Type:
      - application/json
      Accept-Encoding:
      - gzip;q=1.0,deflate;q=0.6,identity;q=0.3
      Accept:
      - "*/*"
      User-Agent:
      - Ruby
  response:
    status:
      code: 200
      message: OK
    headers:
      Content-Type:
      - application/json
      Grpc-Metadata-Content-Type:
      - application/grpc
      Date:
      - Tue, 08 Mar 2022 14:50:57 GMT
      Transfer-Encoding:
      - chunked
    body:
      encoding: UTF-8
      string: '{"metadata":{"resourceVersion":"487576"},"items":[{"metadata":{"name":"guestbook","namespace":"argocd","uid":"47d5848c-10bc-45f4-b4a6-9d8ad3efa13c","resourceVersion":"487576","generation":1791,"creationTimestamp":"2022-02-24T21:20:01Z","managedFields":[{"manager":"argocd-server","operation":"Update","apiVersion":"argoproj.io/v1alpha1","time":"2022-02-24T21:20:55Z","fieldsType":"FieldsV1","fieldsV1":{"f:spec":{".":{},"f:destination":{".":{},"f:namespace":{},"f:server":{}},"f:project":{},"f:source":{".":{},"f:path":{},"f:repoURL":{},"f:targetRevision":{}}},"f:status":{".":{},"f:health":{},"f:summary":{},"f:sync":{".":{},"f:comparedTo":{".":{},"f:destination":{},"f:source":{}}}}}},{"manager":"argocd-application-controller","operation":"Update","apiVersion":"argoproj.io/v1alpha1","time":"2022-03-05T23:27:35Z","fieldsType":"FieldsV1","fieldsV1":{"f:status":{"f:health":{"f:status":{}},"f:history":{},"f:operationState":{".":{},"f:finishedAt":{},"f:message":{},"f:operation":{".":{},"f:initiatedBy":{".":{},"f:username":{}},"f:retry":{},"f:sync":{".":{},"f:revision":{},"f:syncStrategy":{".":{},"f:hook":{}}}},"f:phase":{},"f:startedAt":{},"f:syncResult":{".":{},"f:resources":{},"f:revision":{},"f:source":{".":{},"f:path":{},"f:repoURL":{},"f:targetRevision":{}}}},"f:reconciledAt":{},"f:resources":{},"f:sourceType":{},"f:summary":{"f:images":{}},"f:sync":{"f:comparedTo":{"f:destination":{"f:namespace":{},"f:server":{}},"f:source":{"f:path":{},"f:repoURL":{},"f:targetRevision":{}}},"f:revision":{},"f:status":{}}}}}]},"spec":{"source":{"repoURL":"https://github.com/argoproj/argocd-example-apps.git","path":"guestbook","targetRevision":"HEAD"},"destination":{"server":"https://kubernetes.default.svc","namespace":"default"},"project":"default"},"status":{"resources":[{"version":"v1","kind":"Service","namespace":"default","name":"guestbook-ui","status":"Synced","health":{"status":"Healthy"}},{"group":"apps","version":"v1","kind":"Deployment","namespace":"default","name":"guestbook-ui","status":"Synced","health":{"status":"Healthy"}}],"sync":{"status":"Synced","comparedTo":{"source":{"repoURL":"https://github.com/argoproj/argocd-example-apps.git","path":"guestbook","targetRevision":"HEAD"},"destination":{"server":"https://kubernetes.default.svc","namespace":"default"}},"revision":"53e28ff20cc530b9ada2173fbbd64d48338583ba"},"health":{"status":"Healthy"},"history":[{"revision":"53e28ff20cc530b9ada2173fbbd64d48338583ba","deployedAt":"2022-02-24T21:20:55Z","id":0,"source":{"repoURL":"https://github.com/argoproj/argocd-example-apps.git","path":"guestbook","targetRevision":"HEAD"},"deployStartedAt":"2022-02-24T21:20:55Z"}],"reconciledAt":"2022-03-08T14:50:15Z","operationState":{"operation":{"sync":{"revision":"53e28ff20cc530b9ada2173fbbd64d48338583ba","syncStrategy":{"hook":{}}},"initiatedBy":{"username":"admin"},"retry":{}},"phase":"Succeeded","message":"successfully
        synced (all tasks run)","syncResult":{"resources":[{"group":"","version":"v1","kind":"Service","namespace":"default","name":"guestbook-ui","status":"Synced","message":"service/guestbook-ui
        created","hookPhase":"Running","syncPhase":"Sync"},{"group":"apps","version":"v1","kind":"Deployment","namespace":"default","name":"guestbook-ui","status":"Synced","message":"deployment.apps/guestbook-ui
        created","hookPhase":"Running","syncPhase":"Sync"}],"revision":"53e28ff20cc530b9ada2173fbbd64d48338583ba","source":{"repoURL":"https://github.com/argoproj/argocd-example-apps.git","path":"guestbook","targetRevision":"HEAD"}},"startedAt":"2022-02-24T21:20:55Z","finishedAt":"2022-02-24T21:20:55Z"},"sourceType":"Directory","summary":{"images":["gcr.io/heptio-images/ks-guestbook-demo:0.2"]}}}]}'
  recorded_at: Tue, 08 Mar 2022 14:50:57 GMT
- request:
    method: post
    uri: http://localhost:8080/api/v1/session
    body:
      encoding: UTF-8
      string: '{"username":"test_user","password":"password"}'
    headers:
      Accept-Encoding:
      - gzip;q=1.0,deflate;q=0.6,identity;q=0.3
      Accept:
      - "*/*"
      User-Agent:
      - Ruby
      Content-Type:
      - application/json
  response:
    status:
      code: 200
      message: OK
    headers:
      Content-Type:
      - application/json
      Grpc-Metadata-Content-Type:
      - application/grpc
      Set-Cookie:
      - argocd.token=eyJhbGciOiJIUzI1NiIsInR5cCI6IkpXVCJ9.eyJleHAiOjE2NDY4NjExMzQsImp0aSI6ImJhNjdkNzg2LWZiZDQtNGJjOC1hY2RhLTUwMTQxMWJiZWZiZiIsImlhdCI6MTY0Njc3NDczNCwiaXNzIjoiYXJnb2NkIiwibmJmIjoxNjQ2Nzc0NzM0LCJzdWIiOiJ0ZXN0X3VzZXI6bG9naW4ifQ.Iw35kGFp0hyy4UIx-YCRiHQv3sooWc5obBvW2kHMYXg;
        path=/; SameSite=lax; httpOnly
      Date:
      - Tue, 08 Mar 2022 21:25:34 GMT
      Content-Length:
      - '275'
    body:
      encoding: UTF-8
      string: '{"token":"eyJhbGciOiJIUzI1NiIsInR5cCI6IkpXVCJ9.eyJleHAiOjE2NDY4NjExMzQsImp0aSI6ImJhNjdkNzg2LWZiZDQtNGJjOC1hY2RhLTUwMTQxMWJiZWZiZiIsImlhdCI6MTY0Njc3NDczNCwiaXNzIjoiYXJnb2NkIiwibmJmIjoxNjQ2Nzc0NzM0LCJzdWIiOiJ0ZXN0X3VzZXI6bG9naW4ifQ.Iw35kGFp0hyy4UIx-YCRiHQv3sooWc5obBvW2kHMYXg"}'
  recorded_at: Tue, 08 Mar 2022 21:25:34 GMT
- request:
    method: get
    uri: http://localhost:8080/api/v1/applications?name=guestbook
    body:
      encoding: US-ASCII
      string: ''
    headers:
      Authorization:
      - Bearer eyJhbGciOiJIUzI1NiIsInR5cCI6IkpXVCJ9.eyJqdGkiOiI3MzUzYmJkYi1kYTA1LTQxYjAtOGY5MC0zMzUxZDRhNDE3YjEiLCJpYXQiOjE2NDY3NzQ1NTksImlzcyI6ImFyZ29jZCIsIm5iZiI6MTY0Njc3NDU1OSwic3ViIjoidGVzdF91c2VyOmFwaUtleSJ9.kekkvIzuNOU2FC2dgFLUHyrbI8aScrQxE7Dz5GzoG20
      Content-Type:
      - application/json
      Accept-Encoding:
      - gzip;q=1.0,deflate;q=0.6,identity;q=0.3
      Accept:
      - "*/*"
      User-Agent:
      - Ruby
      Host:
      - localhost:8080
  response:
    status:
      code: 200
      message: OK
    headers:
      Content-Type:
      - application/json
      Grpc-Metadata-Content-Type:
      - application/grpc
      Date:
      - Wed, 09 Mar 2022 16:18:52 GMT
      Transfer-Encoding:
      - chunked
    body:
      encoding: UTF-8
      string: '{"metadata":{"resourceVersion":"541265"},"items":[{"metadata":{"name":"guestbook","namespace":"argocd","uid":"47d5848c-10bc-45f4-b4a6-9d8ad3efa13c","resourceVersion":"541265","generation":1987,"creationTimestamp":"2022-02-24T21:20:01Z","managedFields":[{"manager":"argocd-server","operation":"Update","apiVersion":"argoproj.io/v1alpha1","time":"2022-02-24T21:20:55Z","fieldsType":"FieldsV1","fieldsV1":{"f:spec":{".":{},"f:destination":{".":{},"f:namespace":{},"f:server":{}},"f:project":{},"f:source":{".":{},"f:path":{},"f:repoURL":{},"f:targetRevision":{}}},"f:status":{".":{},"f:health":{},"f:summary":{},"f:sync":{".":{},"f:comparedTo":{".":{},"f:destination":{},"f:source":{}}}}}},{"manager":"argocd-application-controller","operation":"Update","apiVersion":"argoproj.io/v1alpha1","time":"2022-03-05T23:27:35Z","fieldsType":"FieldsV1","fieldsV1":{"f:status":{"f:health":{"f:status":{}},"f:history":{},"f:operationState":{".":{},"f:finishedAt":{},"f:message":{},"f:operation":{".":{},"f:initiatedBy":{".":{},"f:username":{}},"f:retry":{},"f:sync":{".":{},"f:revision":{},"f:syncStrategy":{".":{},"f:hook":{}}}},"f:phase":{},"f:startedAt":{},"f:syncResult":{".":{},"f:resources":{},"f:revision":{},"f:source":{".":{},"f:path":{},"f:repoURL":{},"f:targetRevision":{}}}},"f:reconciledAt":{},"f:resources":{},"f:sourceType":{},"f:summary":{"f:images":{}},"f:sync":{"f:comparedTo":{"f:destination":{"f:namespace":{},"f:server":{}},"f:source":{"f:path":{},"f:repoURL":{},"f:targetRevision":{}}},"f:revision":{},"f:status":{}}}}}]},"spec":{"source":{"repoURL":"https://github.com/argoproj/argocd-example-apps.git","path":"guestbook","targetRevision":"HEAD"},"destination":{"server":"https://kubernetes.default.svc","namespace":"default"},"project":"default"},"status":{"resources":[{"version":"v1","kind":"Service","namespace":"default","name":"guestbook-ui","status":"Synced","health":{"status":"Healthy"}},{"group":"apps","version":"v1","kind":"Deployment","namespace":"default","name":"guestbook-ui","status":"Synced","health":{"status":"Healthy"}}],"sync":{"status":"Synced","comparedTo":{"source":{"repoURL":"https://github.com/argoproj/argocd-example-apps.git","path":"guestbook","targetRevision":"HEAD"},"destination":{"server":"https://kubernetes.default.svc","namespace":"default"}},"revision":"53e28ff20cc530b9ada2173fbbd64d48338583ba"},"health":{"status":"Healthy"},"history":[{"revision":"53e28ff20cc530b9ada2173fbbd64d48338583ba","deployedAt":"2022-02-24T21:20:55Z","id":0,"source":{"repoURL":"https://github.com/argoproj/argocd-example-apps.git","path":"guestbook","targetRevision":"HEAD"},"deployStartedAt":"2022-02-24T21:20:55Z"}],"reconciledAt":"2022-03-09T16:17:47Z","operationState":{"operation":{"sync":{"revision":"53e28ff20cc530b9ada2173fbbd64d48338583ba","syncStrategy":{"hook":{}}},"initiatedBy":{"username":"admin"},"retry":{}},"phase":"Succeeded","message":"successfully
        synced (all tasks run)","syncResult":{"resources":[{"group":"","version":"v1","kind":"Service","namespace":"default","name":"guestbook-ui","status":"Synced","message":"service/guestbook-ui
        created","hookPhase":"Running","syncPhase":"Sync"},{"group":"apps","version":"v1","kind":"Deployment","namespace":"default","name":"guestbook-ui","status":"Synced","message":"deployment.apps/guestbook-ui
        created","hookPhase":"Running","syncPhase":"Sync"}],"revision":"53e28ff20cc530b9ada2173fbbd64d48338583ba","source":{"repoURL":"https://github.com/argoproj/argocd-example-apps.git","path":"guestbook","targetRevision":"HEAD"}},"startedAt":"2022-02-24T21:20:55Z","finishedAt":"2022-02-24T21:20:55Z"},"sourceType":"Directory","summary":{"images":["gcr.io/heptio-images/ks-guestbook-demo:0.2"]}}}]}'
  recorded_at: Wed, 09 Mar 2022 16:18:52 GMT
- request:
    method: post
    uri: http://localhost:8080/api/v1/session
    body:
      encoding: UTF-8
      string: '{"username":"test_user","password":"password"}'
    headers:
      Accept-Encoding:
      - gzip;q=1.0,deflate;q=0.6,identity;q=0.3
      Accept:
      - "*/*"
      User-Agent:
      - Ruby
      Content-Type:
      - application/json
  response:
    status:
      code: 200
      message: OK
    headers:
      Content-Type:
      - application/json
      Grpc-Metadata-Content-Type:
      - application/grpc
      Set-Cookie:
      - argocd.token=eyJhbGciOiJIUzI1NiIsInR5cCI6IkpXVCJ9.eyJleHAiOjE2NDcwOTk4MDUsImp0aSI6ImE3NTFlNTEwLTFkNTktNDE2ZC04MzJhLWJhZmViNGFhOTM3YiIsImlhdCI6MTY0NzAxMzQwNSwiaXNzIjoiYXJnb2NkIiwibmJmIjoxNjQ3MDEzNDA1LCJzdWIiOiJ0ZXN0X3VzZXI6bG9naW4ifQ.8XVtXg2y39AFX2TH8hfXMBzpatvlMNAdx_pNgI5KPjk;
        path=/; SameSite=lax; httpOnly
      Date:
      - Fri, 11 Mar 2022 15:43:25 GMT
      Content-Length:
      - '275'
    body:
      encoding: UTF-8
      string: '{"token":"eyJhbGciOiJIUzI1NiIsInR5cCI6IkpXVCJ9.eyJleHAiOjE2NDcwOTk4MDUsImp0aSI6ImE3NTFlNTEwLTFkNTktNDE2ZC04MzJhLWJhZmViNGFhOTM3YiIsImlhdCI6MTY0NzAxMzQwNSwiaXNzIjoiYXJnb2NkIiwibmJmIjoxNjQ3MDEzNDA1LCJzdWIiOiJ0ZXN0X3VzZXI6bG9naW4ifQ.8XVtXg2y39AFX2TH8hfXMBzpatvlMNAdx_pNgI5KPjk"}'
  recorded_at: Fri, 11 Mar 2022 15:43:25 GMT
- request:
    method: get
    uri: http://localhost:8080/api/v1/applications/guestbook/revisions/53e28ff20cc530b9ada2173fbbd64d48338583ba/metadata
    body:
      encoding: US-ASCII
      string: ''
    headers:
      Authorization:
      - Bearer eyJhbGciOiJIUzI1NiIsInR5cCI6IkpXVCJ9.eyJleHAiOjE2NDcwOTk4MDUsImp0aSI6ImE3NTFlNTEwLTFkNTktNDE2ZC04MzJhLWJhZmViNGFhOTM3YiIsImlhdCI6MTY0NzAxMzQwNSwiaXNzIjoiYXJnb2NkIiwibmJmIjoxNjQ3MDEzNDA1LCJzdWIiOiJ0ZXN0X3VzZXI6bG9naW4ifQ.8XVtXg2y39AFX2TH8hfXMBzpatvlMNAdx_pNgI5KPjk
      Content-Type:
      - application/json
      Accept-Encoding:
      - gzip;q=1.0,deflate;q=0.6,identity;q=0.3
      Accept:
      - "*/*"
      User-Agent:
      - Ruby
      Host:
      - localhost:8080
  response:
    status:
      code: 200
      message: OK
    headers:
      Content-Type:
      - application/json
      Grpc-Metadata-Content-Type:
      - application/grpc
      Date:
      - Fri, 11 Mar 2022 15:43:25 GMT
      Content-Length:
      - '407'
    body:
      encoding: UTF-8
      string: '{"author":"May Zhang \u003cmay_zhang@intuit.com\u003e","date":"2021-03-03T21:07:29Z","message":"feat:
        update helm samples to use helm3 (#78)\n\n* helm3 guestbook\r\n\r\n* helm3
        blue-green\r\n\r\n* helm3 dependencies\r\n\r\n* helm3 plugin\r\n\r\n* helm3
        plugin\r\n\r\n* helm3 plugin\r\n\r\n* helm3 apps\r\n\r\n* helm3 dependency\r\n\r\n*
        helm3 dependency\r\n\r\n* helm3 dependency\r\n\r\n* helm3 fix readme"}'
  recorded_at: Fri, 11 Mar 2022 15:43:25 GMT
recorded_with: VCR 6.0.0
